// Jest Snapshot v1, https://goo.gl/fbAQLP

exports[`ViewNothing testing appearance (snapshot) 1`] = `
<div
  data-testid="ViewNothing"
>
  <h1>
    ViewNothing
  </h1>
</div>
`;
