// Jest Snapshot v1, https://goo.gl/fbAQLP

exports[`Button styled Button 1`] = `
<button
  className="sc-bczRLJ etCJzT"
/>
`;
