// Jest Snapshot v1, https://goo.gl/fbAQLP

exports[`global.styled MainContainer Snapshot 1`] = `
<div
  className="sc-bczRLJ dDhCsx"
/>
`;
