// Jest Snapshot v1, https://goo.gl/fbAQLP

exports[`App Snapshot 1`] = `
Array [
  <div
    className="sc-gsnTZi kCDofj"
  >
    <div
      className="sc-dkzDqf irZllQ"
    >
      it works!
    </div>
    <div
      className="sc-dkzDqf irZllQ"
    >
      header
    </div>
    <div
      className="sc-dkzDqf irZllQ"
    >
      hBlock
    </div>
    <div
      className="sc-dkzDqf irZllQ"
    >
      vBlock
    </div>
    <div
      className="sc-dkzDqf irZllQ"
    >
      Footer
    </div>
  </div>,
  <button
    className="sc-bczRLJ etCJzT"
  >
    That's button!
  </button>,
]
`;
