// Jest Snapshot v1, https://goo.gl/fbAQLP

exports[`NavMenuItem appearance normal rendering (snapshot) 1`] = `
<a
  class="active item"
  data-testid="MenuItem"
  href="/mockUrl"
  style="font-weight: bold; font-size: 1.2em;"
>
  mockContent
</a>
`;
